******************************************************************************
                  TI ARM Linker PC v18.1.8                     
******************************************************************************
>> Linked Sun Jul 12 09:45:02 2020

OUTPUT FILE NAME:   <Velocity_Controller.out>
ENTRY POINT SYMBOL: "_c_int00_noargs"  address: 0000138d


MEMORY CONFIGURATION

         name            origin    length      used     unused   attr    fill
----------------------  --------  ---------  --------  --------  ----  --------
  FLASH                 00000000   00040000  0000153a  0003eac6  R  X
  SRAM                  20000000   00008000  00000218  00007de8  RW X


SEGMENT ALLOCATION MAP

run origin  load origin   length   init length attrs members
----------  ----------- ---------- ----------- ----- -------
00000000    00000000    00001540   00001540    r-x
  00000000    00000000    0000026c   0000026c    r-- .intvecs
  0000026c    0000026c    0000124a   0000124a    r-x .text
  000014b8    000014b8    0000006c   0000006c    r-- .const
  00001528    00001528    00000018   00000018    r-- .cinit
20000000    20000000    00000218   00000000    rw-
  20000000    20000000    00000200   00000000    rw- .stack
  20000200    20000200    00000018   00000000    rw- .data


SECTION ALLOCATION MAP

 output                                  attributes/
section   page    origin      length       input sections
--------  ----  ----------  ----------   ----------------
.intvecs   0    00000000    0000026c     
                  00000000    0000026c     tm4c123gh6pm_startup_ccs.obj (.intvecs)

.text      0    0000026c    0000124a     
                  0000026c    000002e8     tn_motor_controller.obj (.text)
                  00000554    000002a0     tn_qei.obj (.text)
                  000007f4    000001b8     tn_pwm.obj (.text)
                  000009ac    00000178     tn_pid.obj (.text)
                  00000b24    00000148     tn_uart.obj (.text)
                  00000c6c    00000136     rtsv7M4_T_le_v4SPD16_eabi.lib : fd_div_t2.asm.obj (.text)
                  00000da2    00000002     --HOLE-- [fill = 0]
                  00000da4    00000110     driverlib.lib : sysctl.obj (.text:SysCtlClockGet)
                  00000eb4    000000fc     rtsv7M4_T_le_v4SPD16_eabi.lib : fd_mul_t2.asm.obj (.text)
                  00000fb0    000000f4     driverlib.lib : sysctl.obj (.text:SysCtlClockSet)
                  000010a4    0000009c     rtsv7M4_T_le_v4SPD16_eabi.lib : memcpy_t2.asm.obj (.text)
                  00001140    00000070     tn_timer.obj (.text)
                  000011b0    0000006e     rtsv7M4_T_le_v4SPD16_eabi.lib : fd_tos_t2.asm.obj (.text)
                  0000121e    00000068                                   : copy_decompress_lzss.c.obj (.text:decompress:lzss:__TI_decompress_lzss)
                  00001286    00000002     --HOLE-- [fill = 0]
                  00001288    00000060     driverlib.lib : timer.obj (.text:TimerConfigure)
                  000012e8    00000060     main.obj (.text)
                  00001348    00000044     rtsv7M4_T_le_v4SPD16_eabi.lib : autoinit.c.obj (.text:__TI_auto_init_nobinit_nopinit:__TI_auto_init_nobinit_nopinit)
                  0000138c    00000038                                   : boot_cortex_m.c.obj (.text:_c_int00_noargs:_c_int00_noargs)
                  000013c4    00000038                                   : fs_tod_t2.asm.obj (.text)
                  000013fc    00000034     driverlib.lib : sysctl.obj (.text:SysCtlPeripheralEnable)
                  00001430    00000018                   : timer.obj (.text:TimerDisable)
                  00001448    00000012                   : timer.obj (.text:TimerLoadSet)
                  0000145a    0000000e                   : timer.obj (.text:TimerEnable)
                  00001468    0000000e     rtsv7M4_T_le_v4SPD16_eabi.lib : copy_decompress_none.c.obj (.text:decompress:none:__TI_decompress_none)
                  00001476    0000000c     driverlib.lib : qei.obj (.text:QEIFilterConfigure)
                  00001482    0000000c     tm4c123gh6pm_startup_ccs.obj (.text)
                  0000148e    0000000a     driverlib.lib : qei.obj (.text:QEIFilterEnable)
                  00001498    0000000a                   : timer.obj (.text:TimerValueGet)
                  000014a2    00000006                   : gpio.obj (.text:GPIOPinWrite)
                  000014a8    00000006                   : sysctl.obj (.text:SysCtlDelay)
                  000014ae    00000004     rtsv7M4_T_le_v4SPD16_eabi.lib : pre_init.c.obj (.text:_system_pre_init)
                  000014b2    00000004                                   : exit.c.obj (.text:abort:abort)

.const     0    000014b8    0000006c     
                  000014b8    0000006c     driverlib.lib : sysctl.obj (.const:g_pui32Xtals)

.cinit     0    00001528    00000018     
                  00001528    00000008     (.cinit..data.load) [load image, compression = lzss]
                  00001530    00000008     (__TI_handler_table)
                  00001538    00000008     (__TI_cinit_table)

.init_array 
*          0    00000000    00000000     UNINITIALIZED

.data      0    20000200    00000018     UNINITIALIZED
                  20000200    00000018     tn_motor_controller.obj (.data)

.stack     0    20000000    00000200     UNINITIALIZED
                  20000000    00000004     rtsv7M4_T_le_v4SPD16_eabi.lib : boot_cortex_m.c.obj (.stack)
                  20000004    000001fc     --HOLE--

MODULE SUMMARY

       Module                         code   ro data   rw data
       ------                         ----   -------   -------
    .\
       tm4c123gh6pm_startup_ccs.obj   12     620       0      
       main.obj                       96     0         0      
    +--+------------------------------+------+---------+---------+
       Total:                         108    620       0      
                                                              
    .\Drivers\
       tn_motor_controller.obj        744    0         24     
       tn_qei.obj                     672    0         0      
       tn_pwm.obj                     440    0         0      
       tn_pid.obj                     376    0         0      
       tn_uart.obj                    328    0         0      
       tn_timer.obj                   112    0         0      
    +--+------------------------------+------+---------+---------+
       Total:                         2672   0         24     
                                                              
    C:/ti/TivaWare_C_Series-2.1.4.178/driverlib/ccs/Debug/driverlib.lib
       sysctl.obj                     574    108       0      
       timer.obj                      162    0         0      
       qei.obj                        22     0         0      
       gpio.obj                       6      0         0      
    +--+------------------------------+------+---------+---------+
       Total:                         764    108       0      
                                                              
    C:\ti\ccsv8\tools\compiler\ti-cgt-arm_18.1.8.LTS\lib\rtsv7M4_T_le_v4SPD16_eabi.lib
       fd_div_t2.asm.obj              310    0         0      
       fd_mul_t2.asm.obj              252    0         0      
       memcpy_t2.asm.obj              156    0         0      
       fd_tos_t2.asm.obj              110    0         0      
       copy_decompress_lzss.c.obj     104    0         0      
       autoinit.c.obj                 68     0         0      
       boot_cortex_m.c.obj            56     0         0      
       fs_tod_t2.asm.obj              56     0         0      
       copy_decompress_none.c.obj     14     0         0      
       exit.c.obj                     4      0         0      
       pre_init.c.obj                 4      0         0      
    +--+------------------------------+------+---------+---------+
       Total:                         1134   0         0      
                                                              
       Stack:                         0      0         512    
       Linker Generated:              0      24        0      
    +--+------------------------------+------+---------+---------+
       Grand Total:                   4678   752       536    


LINKER GENERATED COPY TABLES

__TI_cinit_table @ 00001538 records: 1, size/record: 8, table size: 8
	.data: load addr=00001528, load size=00000008 bytes, run addr=20000200, run size=00000018 bytes, compression=lzss


LINKER GENERATED HANDLER TABLE

__TI_handler_table @ 00001530 records: 2, size/record: 4, table size: 8
	index: 0, handler: __TI_decompress_lzss
	index: 1, handler: __TI_decompress_none


GLOBAL SYMBOLS: SORTED ALPHABETICALLY BY Name 

address   name                          
-------   ----                          
000014b3  C$$EXIT                       
000009ad  CalculatePID                  
00001153  DelayMs                       
0000039d  DirCtrl                       
000014a3  GPIOPinWrite                  
000004b9  MotorControl                  
00000431  MotorInit                     
00000887  PWMDutyConfig                 
00000853  PWMFreqConfig                 
000007f5  PWMInit                       
000008f1  PWMStart                      
00000939  PWMStop                       
0000026d  QEI0TimerIntHandler           
000002ff  QEI1TimerIntHandler           
00001477  QEIFilterConfigure            
0000148f  QEIFilterEnable               
00000555  QEIVelocInit                  
000006d7  QEIVelocIntClear              
00000687  QEIVelocIntEnable             
0000070f  QEIVelocStart                 
0000075b  QEIVelocStop                  
00001483  ResetISR                      
00000da5  SysCtlClockGet                
00000fb1  SysCtlClockSet                
000014a9  SysCtlDelay                   
000013fd  SysCtlPeripheralEnable        
00001289  TimerConfigure                
00001431  TimerDisable                  
0000145b  TimerEnable                   
00001141  TimerInit                     
00001449  TimerLoadSet                  
00001499  TimerValueGet                 
00000b25  UARTConfig                    
00000bad  UARTPutInt                    
00000b83  UARTPutStr                    
20000200  __STACK_END                   
00000200  __STACK_SIZE                  
20000200  __STACK_TOP                   
00001538  __TI_CINIT_Base               
00001540  __TI_CINIT_Limit              
00001530  __TI_Handler_Table_Base       
00001538  __TI_Handler_Table_Limit      
00001349  __TI_auto_init_nobinit_nopinit
0000121f  __TI_decompress_lzss          
00001469  __TI_decompress_none          
ffffffff  __TI_pprof_out_hndl           
ffffffff  __TI_prof_data_size           
ffffffff  __TI_prof_data_start          
00000000  __TI_static_base__            
000011b1  __aeabi_d2f                   
00000c6d  __aeabi_ddiv                  
00000eb5  __aeabi_dmul                  
000013c5  __aeabi_f2d                   
000010a5  __aeabi_memcpy                
000010a5  __aeabi_memcpy4               
000010a5  __aeabi_memcpy8               
ffffffff  __binit__                     
ffffffff  __c_args__                    
UNDEFED   __mpu_init                    
20000000  __stack                       
0000138d  _c_int00_noargs               
UNDEFED   _system_post_cinit            
000014af  _system_pre_init              
000014b3  abort                         
ffffffff  binit                         
20000208  floLeftIn                     
2000020c  floRightIn                    
00000000  g_pfnVectors                  
20000210  i32LeftPreError               
20000200  i32LeftSetVel                 
20000214  i32RightPreError              
20000204  i32RightSetVel                
000012e9  main                          
000010a5  memcpy                        


GLOBAL SYMBOLS: SORTED BY Symbol Address 

address   name                          
-------   ----                          
00000000  __TI_static_base__            
00000000  g_pfnVectors                  
00000200  __STACK_SIZE                  
0000026d  QEI0TimerIntHandler           
000002ff  QEI1TimerIntHandler           
0000039d  DirCtrl                       
00000431  MotorInit                     
000004b9  MotorControl                  
00000555  QEIVelocInit                  
00000687  QEIVelocIntEnable             
000006d7  QEIVelocIntClear              
0000070f  QEIVelocStart                 
0000075b  QEIVelocStop                  
000007f5  PWMInit                       
00000853  PWMFreqConfig                 
00000887  PWMDutyConfig                 
000008f1  PWMStart                      
00000939  PWMStop                       
000009ad  CalculatePID                  
00000b25  UARTConfig                    
00000b83  UARTPutStr                    
00000bad  UARTPutInt                    
00000c6d  __aeabi_ddiv                  
00000da5  SysCtlClockGet                
00000eb5  __aeabi_dmul                  
00000fb1  SysCtlClockSet                
000010a5  __aeabi_memcpy                
000010a5  __aeabi_memcpy4               
000010a5  __aeabi_memcpy8               
000010a5  memcpy                        
00001141  TimerInit                     
00001153  DelayMs                       
000011b1  __aeabi_d2f                   
0000121f  __TI_decompress_lzss          
00001289  TimerConfigure                
000012e9  main                          
00001349  __TI_auto_init_nobinit_nopinit
0000138d  _c_int00_noargs               
000013c5  __aeabi_f2d                   
000013fd  SysCtlPeripheralEnable        
00001431  TimerDisable                  
00001449  TimerLoadSet                  
0000145b  TimerEnable                   
00001469  __TI_decompress_none          
00001477  QEIFilterConfigure            
00001483  ResetISR                      
0000148f  QEIFilterEnable               
00001499  TimerValueGet                 
000014a3  GPIOPinWrite                  
000014a9  SysCtlDelay                   
000014af  _system_pre_init              
000014b3  C$$EXIT                       
000014b3  abort                         
00001530  __TI_Handler_Table_Base       
00001538  __TI_CINIT_Base               
00001538  __TI_Handler_Table_Limit      
00001540  __TI_CINIT_Limit              
20000000  __stack                       
20000200  __STACK_END                   
20000200  __STACK_TOP                   
20000200  i32LeftSetVel                 
20000204  i32RightSetVel                
20000208  floLeftIn                     
2000020c  floRightIn                    
20000210  i32LeftPreError               
20000214  i32RightPreError              
ffffffff  __TI_pprof_out_hndl           
ffffffff  __TI_prof_data_size           
ffffffff  __TI_prof_data_start          
ffffffff  __binit__                     
ffffffff  __c_args__                    
ffffffff  binit                         
UNDEFED   __mpu_init                    
UNDEFED   _system_post_cinit            

[74 symbols]
